// Jest Snapshot v1, https://goo.gl/fbAQLP

exports[`StatsGraph component match snapshot correctly 1`] = `
<div
  className="flex flex-justify-center mt4"
>
  <Doughnut
    data={Object {}}
    height={400}
    legend={
      Object {
        "display": true,
      }
    }
    width={400}
  />
</div>
`;
